

================================================================
== Vivado HLS Report for 'manage'
================================================================
* Date:           Thu Apr  4 18:54:20 2019

* Version:        2018.2 (Build 2258646 on Thu Jun 14 20:25:20 MDT 2018)
* Project:        motion_management
* Solution:       solution1
* Product family: zynq
* Target device:  xc7z020clg400-1


================================================================
== Performance Estimates
================================================================
+ Timing (ns): 
    * Summary: 
    +--------+-------+----------+------------+
    |  Clock | Target| Estimated| Uncertainty|
    +--------+-------+----------+------------+
    |ap_clk  |  10.00|     8.555|        1.25|
    +--------+-------+----------+------------+

+ Latency (clock cycles): 
    * Summary: 
    +-----+-----+-----+-----+---------+
    |  Latency  |  Interval | Pipeline|
    | min | max | min | max |   Type  |
    +-----+-----+-----+-----+---------+
    |    ?|    ?|    ?|    ?|   none  |
    +-----+-----+-----+-----+---------+

    + Detail: 
        * Instance: 
        N/A

        * Loop: 
        +-------------+-----+-----+----------+-----------+-----------+------+----------+
        |             |  Latency  | Iteration|  Initiation Interval  | Trip |          |
        |  Loop Name  | min | max |  Latency |  achieved |   target  | Count| Pipelined|
        +-------------+-----+-----+----------+-----------+-----------+------+----------+
        |- Loop 1     |    ?|    ?|         ?|          -|          -|     ?|    no    |
        | + Loop 1.1  |    ?|    ?|        31|          -|          -|     ?|    no    |
        | + Loop 1.2  |    ?|    ?|        31|          -|          -|     ?|    no    |
        |- Loop 2     |    ?|    ?|         1|          -|          -|  inf |    no    |
        +-------------+-----+-----+----------+-----------+-----------+------+----------+



================================================================
== Utilization Estimates
================================================================
* Summary: 
+-----------------+---------+-------+--------+-------+
|       Name      | BRAM_18K| DSP48E|   FF   |  LUT  |
+-----------------+---------+-------+--------+-------+
|DSP              |        -|      -|       -|      -|
|Expression       |        -|      3|       0|   2516|
|FIFO             |        -|      -|       -|      -|
|Instance         |        0|      0|    1679|   1502|
|Memory           |        -|      -|       -|      -|
|Multiplexer      |        -|      -|       -|    577|
|Register         |        -|      -|     726|      -|
+-----------------+---------+-------+--------+-------+
|Total            |        0|      3|    2405|   4595|
+-----------------+---------+-------+--------+-------+
|Available        |      280|    220|  106400|  53200|
+-----------------+---------+-------+--------+-------+
|Utilization (%)  |        0|      1|       2|      8|
+-----------------+---------+-------+--------+-------+

+ Detail: 
    * Instance: 
    +-------------------------+----------------------+---------+-------+-----+-----+
    |         Instance        |        Module        | BRAM_18K| DSP48E|  FF | LUT |
    +-------------------------+----------------------+---------+-------+-----+-----+
    |manage_man_s_axi_U       |manage_man_s_axi      |        0|      0|  157|  234|
    |manage_sdiv_25ns_cud_U2  |manage_sdiv_25ns_cud  |        0|      0|  394|  238|
    |manage_sdiv_25ns_cud_U3  |manage_sdiv_25ns_cud  |        0|      0|  394|  238|
    |manage_sdiv_25ns_cud_U4  |manage_sdiv_25ns_cud  |        0|      0|  394|  238|
    |manage_sitofp_32nbkb_U1  |manage_sitofp_32nbkb  |        0|      0|  340|  554|
    +-------------------------+----------------------+---------+-------+-----+-----+
    |Total                    |                      |        0|      0| 1679| 1502|
    +-------------------------+----------------------+---------+-------+-----+-----+

    * DSP48: 
    N/A

    * Memory: 
    N/A

    * FIFO: 
    N/A

    * Expression: 
    +---------------------------+----------+-------+---+-----+------------+------------+
    |       Variable Name       | Operation| DSP48E| FF| LUT | Bitwidth P0| Bitwidth P1|
    +---------------------------+----------+-------+---+-----+------------+------------+
    |tmp_2_fu_254_p2            |     *    |      3|  0|   20|          32|           7|
    |h_count_1_be_fu_915_p2     |     +    |      0|  0|   39|          32|           1|
    |h_count_3_fu_880_p2        |     +    |      0|  0|   39|          32|           1|
    |sh_assign_2_fu_673_p2      |     +    |      0|  0|   15|           8|           9|
    |sh_assign_4_fu_277_p2      |     +    |      0|  0|   15|           8|           9|
    |sh_assign_6_fu_556_p2      |     +    |      0|  0|   15|           8|           9|
    |sh_assign_8_fu_455_p2      |     +    |      0|  0|   15|           8|           9|
    |sh_assign_fu_774_p2        |     +    |      0|  0|   15|           8|           9|
    |grp_fu_225_p2              |     -    |      0|  0|   15|           7|           8|
    |p_Val2_6_i_i_i2_fu_893_p2  |     -    |      0|  0|   39|           1|          32|
    |p_Val2_6_i_i_i3_fu_869_p2  |     -    |      0|  0|   39|           1|          32|
    |p_Val2_6_i_i_i4_fu_858_p2  |     -    |      0|  0|   39|           1|          32|
    |p_Val2_6_i_i_i_fu_904_p2   |     -    |      0|  0|   39|           1|          32|
    |p_neg_fu_409_p2            |     -    |      0|  0|   39|           1|          32|
    |grp_fu_231_p2              |   icmp   |      0|  0|   18|          32|          10|
    |tmp_3_fu_428_p2            |   icmp   |      0|  0|   18|          32|          10|
    |tmp_4_fu_259_p2            |   icmp   |      0|  0|   18|          32|          12|
    |tmp_5_fu_243_p2            |   icmp   |      0|  0|   18|          32|           1|
    |tmp_6_fu_640_p2            |   icmp   |      0|  0|   18|          32|          10|
    |tmp_7_fu_646_p2            |   icmp   |      0|  0|   18|          32|          10|
    |tmp_8_fu_422_p2            |   icmp   |      0|  0|   18|          32|          10|
    |tmp_18_i_i_i1_fu_362_p2    |   lshr   |      0|  0|   73|          25|          25|
    |tmp_18_i_i_i2_fu_711_p2    |   lshr   |      0|  0|   73|          25|          25|
    |tmp_18_i_i_i3_fu_594_p2    |   lshr   |      0|  0|   73|          25|          25|
    |tmp_18_i_i_i4_fu_493_p2    |   lshr   |      0|  0|   73|          25|          25|
    |tmp_18_i_i_i_fu_812_p2     |   lshr   |      0|  0|   73|          25|          25|
    |grp_fu_403_p1              |  select  |      0|  0|   32|           1|          32|
    |h_count_2_fu_323_p3        |  select  |      0|  0|   31|           1|          31|
    |p_Val2_12_fu_628_p3        |  select  |      0|  0|   32|           1|          32|
    |p_Val2_14_fu_874_p3        |  select  |      0|  0|   32|           1|          32|
    |p_Val2_16_fu_527_p3        |  select  |      0|  0|   32|           1|          32|
    |p_Val2_18_fu_863_p3        |  select  |      0|  0|   32|           1|          32|
    |p_Val2_2_fu_846_p3         |  select  |      0|  0|   32|           1|          32|
    |p_Val2_4_fu_909_p3         |  select  |      0|  0|   32|           1|          32|
    |p_Val2_6_fu_745_p3         |  select  |      0|  0|   32|           1|          32|
    |p_Val2_8_fu_898_p3         |  select  |      0|  0|   32|           1|          32|
    |sh_assign_1_fu_792_p3      |  select  |      0|  0|    9|           1|           9|
    |sh_assign_3_fu_691_p3      |  select  |      0|  0|    9|           1|           9|
    |sh_assign_5_fu_295_p3      |  select  |      0|  0|    9|           1|           9|
    |sh_assign_7_fu_574_p3      |  select  |      0|  0|    9|           1|           9|
    |sh_assign_9_fu_473_p3      |  select  |      0|  0|    9|           1|           9|
    |smax_fu_307_p3             |  select  |      0|  0|   31|           1|          31|
    |tmp_s_fu_415_p3            |  select  |      0|  0|   32|           1|          32|
    |tmp_19_i_i_i1_fu_368_p2    |    shl   |      0|  0|  243|          79|          79|
    |tmp_19_i_i_i2_fu_717_p2    |    shl   |      0|  0|  243|          79|          79|
    |tmp_19_i_i_i3_fu_600_p2    |    shl   |      0|  0|  243|          79|          79|
    |tmp_19_i_i_i4_fu_499_p2    |    shl   |      0|  0|  243|          79|          79|
    |tmp_19_i_i_i_fu_818_p2     |    shl   |      0|  0|  243|          79|          79|
    +---------------------------+----------+-------+---+-----+------------+------------+
    |Total                      |          |      3|  0| 2516|         909|        1232|
    +---------------------------+----------+-------+---+-----+------------+------------+

    * Multiplexer: 
    +-------------------+-----+-----------+-----+-----------+
    |        Name       | LUT | Input Size| Bits| Total Bits|
    +-------------------+-----+-----------+-----+-----------+
    |ap_NS_fsm          |  445|        101|    1|        101|
    |back               |   15|          3|    1|          3|
    |enable             |   15|          3|    1|          3|
    |forward            |   15|          3|    1|          3|
    |freq               |   21|          4|   32|        128|
    |freq_preg          |   15|          3|   32|         96|
    |h_count_1_reg_183  |    9|          2|   32|         64|
    |h_count_4_reg_173  |    9|          2|   32|         64|
    |h_count_fu_98      |   15|          3|   31|         93|
    |tmp_13_pn_reg_203  |    9|          2|   32|         64|
    |tmp_18_pn_reg_193  |    9|          2|   32|         64|
    +-------------------+-----+-----------+-----+-----------+
    |Total              |  577|        128|  227|        683|
    +-------------------+-----+-----------+-----+-----------+

    * Register: 
    +-------------------------+-----+----+-----+-----------+
    |           Name          |  FF | LUT| Bits| Const Bits|
    +-------------------------+-----+----+-----+-----------+
    |ap_CS_fsm                |  100|   0|  100|          0|
    |back_preg                |    1|   0|    1|          0|
    |enable_preg              |    1|   0|    1|          0|
    |forward_preg             |    1|   0|    1|          0|
    |freq_preg                |   32|   0|   32|          0|
    |h_count_1_be_reg_1103    |   32|   0|   32|          0|
    |h_count_1_reg_183        |   32|   0|   32|          0|
    |h_count_2_cast_reg_1000  |   31|   0|   32|          1|
    |h_count_3_reg_1088       |   32|   0|   32|          0|
    |h_count_4_reg_173        |   32|   0|   32|          0|
    |h_count_fu_98            |   31|   0|   32|          1|
    |isNeg_2_reg_984          |    1|   0|    1|          0|
    |k_read_reg_940           |   32|   0|   32|          0|
    |monitor_read_reg_936     |    1|   0|    1|          0|
    |p_Result_1_reg_1056      |    1|   0|    1|          0|
    |p_Result_2_reg_1038      |    1|   0|    1|          0|
    |p_Result_3_reg_1027      |    1|   0|    1|          0|
    |p_Result_4_reg_1005      |    1|   0|    1|          0|
    |p_Result_s_reg_1067      |    1|   0|    1|          0|
    |p_Val2_12_reg_1043       |   32|   0|   32|          0|
    |p_Val2_16_reg_1032       |   32|   0|   32|          0|
    |p_Val2_2_reg_1072        |   32|   0|   32|          0|
    |p_Val2_6_reg_1061        |   32|   0|   32|          0|
    |p_Val2_s_reg_967         |   32|   0|   32|          0|
    |sh_assign_5_reg_989      |    9|   0|    9|          0|
    |smax_cast_reg_995        |   31|   0|   32|          1|
    |tmp_13_pn_reg_203        |   32|   0|   32|          0|
    |tmp_18_pn_reg_193        |   32|   0|   32|          0|
    |tmp_2_reg_949            |   30|   0|   32|          2|
    |tmp_3_reg_1023           |    1|   0|    1|          0|
    |tmp_4_reg_963            |    1|   0|    1|          0|
    |tmp_5_reg_945            |    1|   0|    1|          0|
    |tmp_7_reg_1052           |    1|   0|    1|          0|
    |tmp_s_reg_1015           |   32|   0|   32|          0|
    |x_assign_reg_958         |   32|   0|   32|          0|
    +-------------------------+-----+----+-----+-----------+
    |Total                    |  726|   0|  731|          5|
    +-------------------------+-----+----+-----+-----------+



================================================================
== Interface
================================================================
* Summary: 
+-------------------+-----+-----+------------+---------------+--------------+
|     RTL Ports     | Dir | Bits|  Protocol  | Source Object |    C Type    |
+-------------------+-----+-----+------------+---------------+--------------+
|s_axi_man_AWVALID  |  in |    1|    s_axi   |      man      |    scalar    |
|s_axi_man_AWREADY  | out |    1|    s_axi   |      man      |    scalar    |
|s_axi_man_AWADDR   |  in |    6|    s_axi   |      man      |    scalar    |
|s_axi_man_WVALID   |  in |    1|    s_axi   |      man      |    scalar    |
|s_axi_man_WREADY   | out |    1|    s_axi   |      man      |    scalar    |
|s_axi_man_WDATA    |  in |   32|    s_axi   |      man      |    scalar    |
|s_axi_man_WSTRB    |  in |    4|    s_axi   |      man      |    scalar    |
|s_axi_man_ARVALID  |  in |    1|    s_axi   |      man      |    scalar    |
|s_axi_man_ARREADY  | out |    1|    s_axi   |      man      |    scalar    |
|s_axi_man_ARADDR   |  in |    6|    s_axi   |      man      |    scalar    |
|s_axi_man_RVALID   | out |    1|    s_axi   |      man      |    scalar    |
|s_axi_man_RREADY   |  in |    1|    s_axi   |      man      |    scalar    |
|s_axi_man_RDATA    | out |   32|    s_axi   |      man      |    scalar    |
|s_axi_man_RRESP    | out |    2|    s_axi   |      man      |    scalar    |
|s_axi_man_BVALID   | out |    1|    s_axi   |      man      |    scalar    |
|s_axi_man_BREADY   |  in |    1|    s_axi   |      man      |    scalar    |
|s_axi_man_BRESP    | out |    2|    s_axi   |      man      |    scalar    |
|ap_clk             |  in |    1| ap_ctrl_hs |     manage    | return value |
|ap_rst_n           |  in |    1| ap_ctrl_hs |     manage    | return value |
|interrupt          | out |    1| ap_ctrl_hs |     manage    | return value |
|sensor             |  in |    1|   ap_none  |     sensor    |    scalar    |
|forward            | out |    1|   ap_none  |    forward    |    pointer   |
|back               | out |    1|   ap_none  |      back     |    pointer   |
|current_count      |  in |   32|   ap_none  | current_count |    scalar    |
|freq               | out |   32|   ap_none  |      freq     |    pointer   |
|enable             | out |    1|   ap_none  |     enable    |    pointer   |
+-------------------+-----+-----+------------+---------------+--------------+

